ERROR: Records with missing mate can't be checked for duplicates.
