Model
Effect Variance SE
12.360502 7.582671 2.753665 
-0.266600 0.005954 0.077165 
-0.324818 0.209925 0.458176 
-0.524172 1.294600 1.137805 
0.108619 0.122605 0.350150 
0.608623 0.345461 0.587759 
