Model
Effect Variance SE
12.357315 7.604409 2.757609 
-0.266198 0.005963 0.077223 
-0.325378 0.209826 0.458067 
-0.536642 1.288796 1.135252 
0.109796 0.122312 0.349731 
0.609429 0.345941 0.588168 
