Model
Effect Variance SE
14.426360 10.655332 3.264251 
-0.304313 0.007824 0.088453 
-0.482157 0.195778 0.442468 
-0.262199 0.850510 0.922231 
-0.176604 0.112177 0.334929 
0.552861 0.263442 0.513266 
